<html>
<body>
<pre>
<h1>µVision Build Log</h1>
<h2>Tool Versions:</h2>
IDE-Version: µVision V5.26.2.0
Copyright (C) 2018 ARM Ltd and ARM Germany GmbH. All rights reserved.
License Information: Maryam Nassar, CSU Chico, LIC=----
 
Tool Versions:
Toolchain:       MDK-Lite  Version: 4.74.0.0
Toolchain Path:  C:\Keil_v5\ARM\ARMCC\Bin
C Compiler:      Armcc.exe V5.06 update 6 (build 750)
Assembler:       Armasm.exe V5.06 update 6 (build 750)
Linker/Locator:  ArmLink.exe V5.06 update 6 (build 750)
Library Manager: ArmAr.exe V5.06 update 6 (build 750)
Hex Converter:   FromElf.exe V5.06 update 6 (build 750)
CPU DLL:         SARMCM3.DLL V4.74.0.0
Dialog DLL:      DCM.DLL V1.10.0.0
Target DLL:      UL2CM3.DLL V1.152.4.0
Dialog DLL:      TCM.DLL V1.14.1.0
 
<h2>Project:</h2>
C:\Users\Cal\Downloads\ADC - Nassar Lab 6_modified\ADC - Nassar Lab 6_modified\ADC\Lab6.uvproj
Project File Date:  04/20/2020

<h2>Output:</h2>
*** Using Compiler 'V5.06 update 6 (build 750)', folder: 'C:\Keil_v5\ARM\ARMCC\Bin'
Build target 'ADC'
compiling Lab6.c...
Lab6.c(24): warning:  #1295-D: Deprecated declaration Convert - give arg types
  unsigned long Convert(); 
Lab6.c: 1 warning, 0 errors
linking...
Program Size: Code=2612 RO-data=512 RW-data=20 ZI-data=1124  
".\ADC.axf" - 0 Error(s), 1 Warning(s).
Build Time Elapsed:  00:00:06
</pre>
</body>
</html>
